// Jest Snapshot v1, https://goo.gl/fbAQLP

exports[`testing rendering MissionsContainer component 1`] = `[Function]`;
