// Jest Snapshot v1, https://goo.gl/fbAQLP

exports[`testing rendering Rockets component 1`] = `[Function]`;
